$ node scripts/sync-content.js || true
已加载 .env 配置文件

开始同步内容...

内容目录不存在：E:\zzhliu05.github.io\content
将使用独立仓库模式
警告：未设置 CONTENT_REPO_URL，将使用本地内容
提示：请设置 CONTENT_REPO_URL 环境变量，或手动创建内容目录
$ node scripts/update-anime.mjs && astro build && pagefind --site dist && node scripts/compress-fonts/index.js
Anime mode is "local", skipping data update.
10:36:56 [content] Syncing content
10:36:57 [content] Synced content
10:36:57 [types] Generated 4.52s
10:36:57 [build] output: "static"
10:36:57 [build] mode: "static"
10:36:57 [build] directory: E:\zzhliu05.github.io\dist\
10:36:57 [build] Collecting build info...
10:36:57 [build] ✓ Completed in 5.57s.
10:36:59 [build] Building static entrypoints...
LaTeX-incompatible input and strict mode is set to 'warn': In LaTeX, \\ or \newline does nothing in display mode [newLineInDisplayMode]
LaTeX-incompatible input and strict mode is set to 'warn': In LaTeX, \\ or \newline does nothing in display mode [newLineInDisplayMode]
LaTeX-incompatible input and strict mode is set to 'warn': In LaTeX, \\ or \newline does nothing in display mode [newLineInDisplayMode]
LaTeX-incompatible input and strict mode is set to 'warn': In LaTeX, \\ or \newline does nothing in display mode [newLineInDisplayMode]
LaTeX-incompatible input and strict mode is set to 'warn': In LaTeX, \\ or \newline does nothing in display mode [newLineInDisplayMode]
LaTeX-incompatible input and strict mode is set to 'warn': In LaTeX, \\ or \newline does nothing in display mode [newLineInDisplayMode]
LaTeX-incompatible input and strict mode is set to 'warn': In LaTeX, \\ or \newline does nothing in display mode [newLineInDisplayMode]
LaTeX-incompatible input and strict mode is set to 'warn': In LaTeX, \\ or \newline does nothing in display mode [newLineInDisplayMode]
LaTeX-incompatible input and strict mode is set to 'warn': In LaTeX, \\ or \newline does nothing in display mode [newLineInDisplayMode]
LaTeX-incompatible input and strict mode is set to 'warn': In LaTeX, \\ or \newline does nothing in display mode [newLineInDisplayMode]
LaTeX-incompatible input and strict mode is set to 'warn': In LaTeX, \\ or \newline does nothing in display mode [newLineInDisplayMode]
LaTeX-incompatible input and strict mode is set to 'warn': Unicode text character "上" used in math mode [unicodeTextInMathMode]
LaTeX-incompatible input and strict mode is set to 'warn': Unicode text character "的" used in math mode [unicodeTextInMathMode]
LaTeX-incompatible input and strict mode is set to 'warn': Unicode text character "内" used in math mode [unicodeTextInMathMode]
LaTeX-incompatible input and strict mode is set to 'warn': Unicode text character "积" used in math mode [unicodeTextInMathMode]
LaTeX-incompatible input and strict mode is set to 'warn': Unicode text character "使" used in math mode [unicodeTextInMathMode]
LaTeX-incompatible input and strict mode is set to 'warn': Unicode text character "得" used in math mode [unicodeTextInMathMode]
LaTeX-incompatible input and strict mode is set to 'warn': In LaTeX, \\ or \newline does nothing in display mode [newLineInDisplayMode]
LaTeX-incompatible input and strict mode is set to 'warn': In LaTeX, \\ or \newline does nothing in display mode [newLineInDisplayMode]
LaTeX-incompatible input and strict mode is set to 'warn': In LaTeX, \\ or \newline does nothing in display mode [newLineInDisplayMode]
10:37:27 [WARN] [astro-expressive-code] Error while highlighting code block using language "mathematica" in document "E:\zzhliu05.github.io\src\content\posts\hopf-fiber.md". The language could not be found. Using "txt" instead. Ensure that all required languages are either part of the bundle or custom languages provided in the "langs" config option.
10:37:46 [WARN] [vite] "cubicOut" is imported from external module "svelte/easing" but never used in "src/components/widgets/music-player/MusicPlayer.svelte".
10:37:46 [WARN] [vite] "slide" and "fly" are imported from external module "svelte/transition" but never used in "src/components/widgets/music-player/organisms/Playlist.svelte" and "src/components/widgets/music-player/MusicPlayer.svelte".
10:38:00 [vite] ✓ built in 58.50s
10:38:12 [vite] ✓ built in 12.55s
10:38:13 [build] Rearranging server assets...

 generating static routes 
相册 ExternalExample 已设置为隐藏，跳过显示
相册 HiddenExample 缺少 cover 文件
10:38:21   ├─ /404.html (+276ms) 
10:38:21   ├─ /about/index.html (+169ms) 
10:38:21   ├─ /albums/AcgExample/index.html (+17ms) 
10:38:21   ├─ /albums/EncryptedExample/index.html (+9ms) 
10:38:21   ├─ /albums/index.html (+40ms) 
10:38:21   ├─ /anime/index.html (+76ms) 
10:38:21   ├─ /api/allPostMeta.json (+29ms) 
10:38:21   ├─ /api/calendar-data.json (+21ms) 
10:38:21   ├─ /archive/index.html (+128ms) 
10:38:22   ├─ /atom/index.html (+129ms) 
10:38:22   ├─ /atom.xml (+4.18s) 
10:38:26   ├─ /devices/index.html (+71ms) 
10:38:26   ├─ /diary/index.html (+88ms) 
10:38:26   ├─ /friends/index.html (+76ms) 
10:38:26   ├─ /music/index.html (+34ms) 
10:38:26   ├─ /posts/gp_rep/index.html (+372ms) 
10:38:27   ├─ /posts/differential_topology/index.html (+243ms) 
10:38:27   ├─ /posts/cs267_1/index.html (+272ms) 
10:38:27   ├─ /posts/pier_wave/index.html (+154ms) 
10:38:27   ├─ /posts/bose-ramanujan/index.html (+156ms) 
10:38:27   ├─ /posts/rl_1/index.html (+140ms) 
10:38:28   ├─ /posts/lie-algebra-2/index.html (+224ms) 
10:38:28   ├─ /posts/dirac_field/index.html (+172ms) 
10:38:28   ├─ /posts/radiation/index.html (+108ms) 
10:38:28   ├─ /posts/lie-algebra-1/index.html (+103ms) 
10:38:28   ├─ /posts/dimn-rigid/index.html (+150ms) 
10:38:28   ├─ /posts/lag-elec/index.html (+419ms) 
10:38:29   ├─ /posts/hopf-fiber/index.html (+128ms) 
10:38:29   ├─ /posts/first-note/index.html (+95ms) 
10:38:29   ├─ /problems/wen_qft_5/index.html (+184ms) 
10:38:29   ├─ /problems/coherent_complete/index.html (+89ms) 
10:38:29   ├─ /problems/point_set_top_1/index.html (+115ms) 
10:38:29   ├─ /problems/point_set_top_2/index.html (+83ms) 
10:38:29   ├─ /problems/point_set_top_3/index.html (+89ms) 
10:38:30   ├─ /problems/point_set_top_4/index.html (+94ms) 
10:38:30   ├─ /problems/wen_qft_2/index.html (+270ms) 
10:38:30   ├─ /problems/wen_qft_3/index.html (+126ms) 
10:38:30   ├─ /problems/wen_qft_4/index.html (+120ms) 
10:38:30   ├─ /problems/coleman_qft_5/index.html (+94ms) 
10:38:30   ├─ /problems/coleman_qft_6/index.html (+82ms) 
10:38:30   ├─ /problems/wen_qft_1/index.html (+101ms) 
10:38:30   ├─ /problems/coleman_qft_3/index.html (+102ms) 
10:38:30   ├─ /problems/coleman_qft_4/index.html (+83ms) 
10:38:31   ├─ /problems/chiral_edge_mode/index.html (+81ms) 
10:38:31   ├─ /problems/coleman_qft_2/index.html (+102ms) 
10:38:31   ├─ /problems/drude/index.html (+85ms) 
10:38:31   ├─ /problems/coleman_qft_1/index.html (+85ms) 
10:38:31   ├─ /problems/index.html (+145ms) 
10:38:31   ├─ /projects/index.html (+41ms) 
10:38:31   ├─ /robots.txt (+16ms) 
10:38:31   ├─ /rss/index.html (+75ms) 
10:38:31   ├─ /rss.xml (+2.57s) 
10:38:34   ├─ /skills/index.html (+35ms) 
10:38:34   ├─ /timeline/index.html (+22ms) 
10:38:34   ├─ /index.html (+51ms) 
10:38:34   ├─ /2/index.html (+50ms) 
10:38:34 ✓ Completed in 20.57s.

 generating optimized images 
10:38:35   ▶ /_astro/image.UdYaaLv7_1mIjkf.webp (reused cache entry) (+437ms) (1/7)
10:38:35   ▶ /_astro/image.UdYaaLv7_Z148iOq.webp (reused cache entry) (+2ms) (2/7)
10:38:35   ▶ /_astro/image.UdYaaLv7_EDaei.webp (reused cache entry) (+3ms) (3/7)
10:38:35   ▶ /_astro/image.UdYaaLv7_ZMToyY.webp (reused cache entry) (+2ms) (4/7)
10:38:35   ▶ /_astro/image.UdYaaLv7_Z2dUXSI.webp (reused cache entry) (+2ms) (5/7)
10:38:35   ▶ /_astro/image.UdYaaLv7_Z1RvnzJ.webp (reused cache entry) (+2ms) (6/7)
10:38:35   ▶ /_astro/image.UdYaaLv7_131ak6.webp (reused cache entry) (+2ms) (7/7)
10:38:35 ✓ Completed in 455ms.

10:38:35 [build] ✓ Completed in 1m 35s.
10:38:35 [@astrojs/sitemap] `sitemap-index.xml` created at `dist`
10:38:35 [build] 51 page(s) built in 1m 43s
10:38:35 [build] Complete!

Running Pagefind v1.5.2 (Extended)
Running from: "E:\\zzhliu05.github.io"
Source:       "dist"
Output:       "dist\\pagefind"

[Walking source directory]
Found 52 files matching **/*.{html}

[Parsing files]
Found a data-pagefind-body element on the site.
↳ Ignoring pages without this tag.
11 pages found without an <html> element. 
Pages without an outer <html> element will not be processed by default. 
If adding this element is not possible, use the root selector config to target a different root element.
  * "/albums/AcgExample/" has no <html> element
  * "/albums/EncryptedExample/" has no <html> element
  * "/albums/" has no <html> element
  * "/anime/" has no <html> element
  * "/devices/" has no <html> element
  * "/diary/" has no <html> element
  * "/friends/" has no <html> element
  * "/music/" has no <html> element
  * "/projects/" has no <html> element
  * "/skills/" has no <html> element
  * "/timeline/" has no <html> element

[Reading languages]
Discovered 1 language: zh-cn

[Building search indexes]
Total: 
  Indexed 1 language
  Indexed 30 pages
  Indexed 1468 words
  Indexed 0 filters
  Indexed 0 sorts
Note: Pagefind doesn't support stemming for the language zh-cn. 
Search will still work, but will not match across root words.
Note: Pagefind doesn't support stemming for the language zh-cn. 
Search will still work, but will not match across root words.

Finished in 6.766 seconds
⚠ No fonts to compress (enableCompress=false or localFonts is empty)
